app/api/revalidate/route.ts(15,13): error TS2554: Expected 2 arguments, but got 1.
